// Jest Snapshot v1, https://goo.gl/fbAQLP

exports[`__interactive 1`] = `
<DocumentFragment>
  <div
    class="card"
  >
    <div
      class="cover"
    >
      <img
        alt="Awesome Share / 連接分享設定工具"
        src="test-file-stub"
      />
    </div>
    <div
      class="title"
    >
      Awesome Share / 連接分享設定工具
    </div>
    <div
      class="description"
    >
      透過 Firebase 打造網址分享小工具，製作一個網頁可以自己上傳圖片、連結、Meta 內容，儲存於 Firebase 產生分享連結，可以在同一頁面撰寫 PO 文，一鍵分享至 Facebook。
    </div>
    <div
      class="tags"
    >
      <div
        class="tags"
      >
        <div
          class="tag"
        >
          <div
            class="text"
          >
            pug
          </div>
          <div
            class="base"
          />
        </div>
        <div
          class="tag"
        >
          <div
            class="text"
          >
            firebase
          </div>
          <div
            class="base"
          />
        </div>
      </div>
    </div>
  </div>
</DocumentFragment>
`;
